<html>
<body>
<pre>
<h1>µVision Build Log</h1>
<h2>Tool Versions:</h2>
IDE-Version: ¶ÃVision V5.15
Copyright (C) 2015 ARM Ltd and ARM Germany GmbH. All rights reserved.
License Information: 123,  , LIC=3UUSB-23K0L-BXHUY-IUELD-M53IK-7ZTBV
 
Tool Versions:
Toolchain:       MDK-ARM Professional  Version: 5.15.0
Toolchain Path:  D:\Development\keil5\az\ARM\ARMCC\Bin
C Compiler:      Armcc.exe V5.05 update 2 (build 169)
Assembler:       Armasm.exe V5.05 update 2 (build 169)
Linker/Locator:  ArmLink.exe V5.05 update 2 (build 169)
Library Manager: ArmAr.exe V5.05 update 2 (build 169)
Hex Converter:   FromElf.exe V5.05 update 2 (build 169)
CPU DLL:         SARMCM3.DLL V5.15.0
Dialog DLL:      DCM.DLL V1.13.2.0
Target DLL:      STLink\ST-LINKIII-KEIL_SWO.dll V2.0.15.0_KEIL
Dialog DLL:      TCM.DLL V1.14.5.0
 
<h2>Project:</h2>
C:\Users\Administrator\Desktop\∫ÏÕ‚∂¡»°-nec±‡¬Î\Project\RVMDK£®uv4£©\BH-F103.uvprojx
Project File Date:  08/25/2019

<h2>Output:</h2>
*** Using Compiler 'V5.05 update 2 (build 169)', folder: 'D:\Development\keil5\az\ARM\ARMCC\Bin'
Build target 'NEC'
compiling main.c...
..\..\User\NEC_read\nec_read.h(14): warning:  #1-D: last line of file ends without a newline
  #endif
..\..\User\main.c: 1 warning, 0 errors
linking...
Program Size: Code=6060 RO-data=268 RW-data=52 ZI-data=1124  
FromELF: creating hex file...
"..\..\Output\AT24CXX.axf" - 0 Error(s), 1 Warning(s).

<h2>Collection of Component include folders:</h2>
  C:\Users\Administrator\Desktop\∫ÏÕ‚∂¡»°-nec±‡¬Î\Project\RVMDK£®uv4£©\RTE
  D:\Development\keil5\az\ARM\PACK\Keil\STM32F1xx_DFP\1.1.0\Device\Include

<h2>Collection of Component Files used:</h2>
</pre>
</body>
</html>
